My name is Marion.

Microsoft Windows [Version 10.0.26100.3323]
(c) Microsoft Corporation. All rights reserved.

C:\Users\user>git --version
git version 2.48.1.windows.1

C:\Users\user>Documents\python_projects\Wids Datathon 2025
'Documents\python_projects\Wids' is not recognized as an internal or external command,
operable program or batch file.

C:\Users\user>>Documents\Python_projects\Wids Datathon 2025
'Datathon' is not recognized as an internal or external command,
operable program or batch file.

C:\Users\user>Documents\Python_projects\Wids Datathon 2025
'Documents\Python_projects\Wids' is not recognized as an internal or external command,
operable program or batch file.

C:\Users\user>cd Documents\Python_projects\Wids Datathon 2025

C:\Users\user\Documents\Python_projects\Wids Datathon 2025>git status
fatal: not a git repository (or any of the parent directories): .git

C:\Users\user\Documents\Python_projects\Wids Datathon 2025>git init
Initialized empty Git repository in C:/Users/user/Documents/Python_projects/Wids Datathon 2025/.git/

C:\Users\user\Documents\Python_projects\Wids Datathon 2025>git status

On branch master

No commits yet

nothing to commit (create/copy files and use "git add" to track)

C:\Users\user\Documents\Python_projects\Wids Datathon 2025>git status

On branch master

No commits yet

Untracked files:
  (use "git add <file>..." to include in what will be committed)
        marion.txt

nothing added to commit but untracked files present (use "git add" to track)

C:\Users\user\Documents\Python_projects\Wids Datathon 2025>git add ma
rion.txt

C:\Users\user\Documents\Python_projects\Wids Datathon 2025>git status

On branch master

No commits yet

Changes to be committed:
  (use "git rm --cached <file>..." to unstage)
        new file:   marion.txt


C:\Users\user\Documents\Python_projects\Wids Datathon 2025>git status

On branch master

No commits yet

Changes to be committed:
  (use "git rm --cached <file>..." to unstage)
        new file:   marion.txt

Untracked files:
  (use "git add <file>..." to include in what will be committed)
        mwihaki.txt


C:\Users\user\Documents\Python_projects\Wids Datathon 2025>git commit
 -m "added a file called marion"
Author identity unknown

*** Please tell me who you are.

Run

  git config --global user.email "you@example.com"
  git config --global user.name "Your Name"

to set your account's default identity.
Omit --global to set the identity only in this repository.

fatal: unable to auto-detect email address (got 'Quincy@DESKTOP-5KQHNRB.(none)')

C:\Users\user\Documents\Python_projects\Wids Datathon 2025>git status

On branch master

No commits yet

Changes to be committed:
  (use "git rm --cached <file>..." to unstage)
        new file:   marion.txt

Untracked files:
  (use "git add <file>..." to include in what will be committed)
        mwihaki.txt


C:\Users\user\Documents\Python_projects\Wids Datathon 2025>git commit

Author identity unknown

*** Please tell me who you are.

Run

  git config --global user.email "you@example.com"
  git config --global user.name "Your Name"

to set your account's default identity.
Omit --global to set the identity only in this repository.

fatal: unable to auto-detect email address (got 'Quincy@DESKTOP-5KQHNRB.(none)')

C:\Users\user\Documents\Python_projects\Wids Datathon 2025>git commit -m "added a file called marion.txt"
Author identity unknown

*** Please tell me who you are.

Run

  git config --global user.email "you@example.com"
  git config --global user.name "Your Name"

to set your account's default identity.
Omit --global to set the identity only in this repository.

fatal: unable to auto-detect email address (got 'Quincy@DESKTOP-5KQHNRB.(none)')

C:\Users\user\Documents\Python_projects\Wids Datathon 2025> git config --global user.email "wanyekimarion18@gmail.com"

C:\Users\user\Documents\Python_projects\Wids Datathon 2025>  git config --global user.name "MarionW18"

C:\Users\user\Documents\Python_projects\Wids Datathon 2025>git commit -m "added a file called marion.txt"
[master (root-commit) 0da4b53] added a file called marion.txt
 1 file changed, 0 insertions(+), 0 deletions(-)
 create mode 100644 marion.txt

C:\Users\user\Documents\Python_projects\Wids Datathon 2025>git status

On branch master
Untracked files:
  (use "git add <file>..." to include in what will be committed)
        mwihaki.txt

nothing added to commit but untracked files present (use "git add" to track)

C:\Users\user\Documents\Python_projects\Wids Datathon 2025>git status

On branch master
Changes not staged for commit:
  (use "git add <file>..." to update what will be committed)
  (use "git restore <file>..." to discard changes in working directory)
        modified:   marion.txt

Untracked files:
  (use "git add <file>..." to include in what will be committed)
        mwihaki.txt

no changes added to commit (use "git add" and/or "git commit -a")

C:\Users\user\Documents\Python_projects\Wids Datathon 2025>git status

On branch master
Changes not staged for commit:
  (use "git add <file>..." to update what will be committed)
  (use "git restore <file>..." to discard changes in working directory)
        modified:   marion.txt

Untracked files:
  (use "git add <file>..." to include in what will be committed)
        mwihaki.txt

no changes added to commit (use "git add" and/or "git commit -a")                                                               git add ma                                                           git add marion.txt\user\Documents\Python_projects\Wids Datathon 2025>git add ma
rion.txt
C:\Users\user\Documents\Python_projects\Wids Datathon 2025>git stautu
s
git: 'stautus' is not a git command. See 'git --help'.

The most similar command is
        status

C:\Users\user\Documents\Python_projects\Wids Datathon 2025>git add ma
rion.txt

C:\Users\user\Documents\Python_projects\Wids Datathon 2025>git status

On branch master
Changes to be committed:
  (use "git restore --staged <file>..." to unstage)
        modified:   marion.txt

Untracked files:
  (use "git add <file>..." to include in what will be committed)
        mwihaki.txt


C:\Users\user\Documents\Python_projects\Wids Datathon 2025>git commit -m "I added my name to marion.txt"
[master 7e088b4] I added my name to marion.txt
 1 file changed, 1 insertion(+)

C:\Users\user\Documents\Python_projects\Wids Datathon 2025>git status

On branch master
Untracked files:
  (use "git add <file>..." to include in what will be committed)
        mwihaki.txt

nothing added to commit but untracked files present (use "git add" to track)

C:\Users\user\Documents\Python_projects\Wids Datathon 2025>code .

C:\Users\user\Documents\Python_projects\Wids Datathon 2025>git status

On branch master
Untracked files:
  (use "git add <file>..." to include in what will be committed)
        .gitignore

nothing added to commit but untracked files present (use "git add" to track)

C:\Users\user\Documents\Python_projects\Wids Datathon 2025>git add .gitignore

C:\Users\user\Documents\Python_projects\Wids Datathon 2025>git commit
 -m "added a gitignore file"
[master 124deb0] added a gitignore file
 1 file changed, 1 insertion(+)
 create mode 100644 .gitignore

C:\Users\user\Documents\Python_projects\Wids Datathon 2025>git status

On branch master
nothing to commit, working tree clean

C:\Users\user\Documents\Python_projects\Wids Datathon 2025>git status

On branch master
nothing to commit, working tree clean

C:\Users\user\Documents\Python_projects\Wids Datathon 2025>git status

On branch master
Untracked files:
  (use "git add <file>..." to include in what will be committed)
        newfolder/

nothing added to commit but untracked files present (use "git add" to track)

C:\Users\user\Documents\Python_projects\Wids Datathon 2025>git status

On branch master
Changes not staged for commit:
  (use "git add <file>..." to update what will be committed)
  (use "git restore <file>..." to discard changes in working directory)
        modified:   .gitignore

no changes added to commit (use "git add" and/or "git commit -a")

C:\Users\user\Documents\Python_projects\Wids Datathon 2025>git status

On branch master
Changes not staged for commit:
  (use "git add <file>..." to update what will be committed)
  (use "git restore <file>..." to discard changes in working directory)
        modified:   .gitignore

Untracked files:
  (use "git add <file>..." to include in what will be committed)
        mwihaki.txt

no changes added to commit (use "git add" and/or "git commit -a")

C:\Users\user\Documents\Python_projects\Wids Datathon 2025> pip install virtualenv ( to instal a virtual environment)
C:\Users\user\Documents\Python_projects\Wids Datathon 2025>python -m venv myenv (to start a virtual environment & naming the virtual environment)